Microchip MPLAB XC8 Compiler V1.44 ()

Linker command line:

-W-2 --edf=C:\Program Files (x86)\Microchip\xc8\v1.44\dat\en_msgs.txt -cs \
  -h+dist/XC8_PIC16F688/debug\LED_Badge.X.debug.sym \
  --cmf=dist/XC8_PIC16F688/debug\LED_Badge.X.debug.cmf -z -Q16F688 \
  -oC:\Users\Karl\AppData\Local\Temp\sc1g.2 \
  -Mdist/XC8_PIC16F688/debug/LED_Badge.X.debug.map -E1 -ver=XC8 \
  -ASTACK=0120h-016fh -pstack=STACK -ACODE=00h-07FFhx2 -ASTRCODE=00h-0FFFh \
  -ASTRING=00h-0FFhx16 -ACONST=00h-0FFhx16 -AENTRY=00h-0FFhx16 \
  -ACOMMON=070h-07Fh -ABANK0=020h-06Fh -ABANK1=0A0h-0EFh \
  -ABANK2=0120h-016Fh -ARAM=020h-06Fh,0A0h-0EFh,0120h-016Fh \
  -AABS1=020h-07Fh,0A0h-0EFh,0120h-016Fh -ASFR0=00h-01Fh -ASFR1=080h-09Fh \
  -ASFR2=0100h-011Fh -ASFR3=0180h-01EFh \
  -preset_vec=00h,intentry=04h,init,end_init -ppowerup=CODE -pcinit=CODE \
  -pfunctab=ENTRY -ACONFIG=02007h-02007h -pconfig=CONFIG -DCONFIG=2 \
  -AIDLOC=02000h-02003h -pidloc=IDLOC -DIDLOC=2 -AEEDATA=00h-0FFh/02100h \
  -peeprom_data=EEDATA -DEEDATA=2 -DCODE=2 -DSTRCODE=2 -DSTRING=2 -DCONST=2 \
  -DENTRY=2 -k C:\Users\Karl\AppData\Local\Temp\sc1g.obj \
  dist/XC8_PIC16F688/debug\LED_Badge.X.debug.obj 

Object code version is 3.11

Machine type is 16F688



                Name                               Link     Load   Length Selector   Space Scale
C:\Users\Karl\AppData\Local\Temp\sc1g.obj
                end_init                             11       11        2        8       0
                reset_vec                             0        0        2        0       0
                config                             2007     2007        1     400E       0
dist/XC8_PIC16F688/debug\LED_Badge.X.debug.obj
                cinit                                13       13       1C        8       0
                intentry                              4        4        D        8       0
                text12                              530      530       21      464       0
                text11                              2D5      2D5       A3      464       0
                text10                              56E      56E       13      464       0
                text9                               50D      50D       23      464       0
                text8                               232      232       A3      464       0
                text7                               551      551       1D      464       0
                text6                               4A8      4A8       35      464       0
                text5                               5AA      5AA        1      464       0
                text4                               3F3      3F3       79      464       0
                text3                               59B      59B        9      464       0
                text2                               378      378       7B      464       0
                text1                               591      591        A      464       0
                maintext                            46C      46C       3C      464       0
                cstackBANK0                          20       20       21       20       1
                cstackCOMMON                         70       70        E       70       1
                inittext                            581      581       10      464       0
                dataBANK1                            A0       A0       30       A0       1
                dataBANK0                            41       41        6       20       1
                bssBANK0                             47       47        3       20       1
                stringtext                          100      100      132        2       0
                idataBANK1                          4DD      4DD       30      464       0
                idataBANK0                          5A4      5A4        6      464       0

TOTAL           Name                               Link     Load   Length     Space
        CLASS   STACK          

        CLASS   CODE           
                end_init                             11       11        2         0
                cinit                                13       13       1C         0
                intentry                              4        4        D         0
                reset_vec                             0        0        2         0
                text12                              530      530       21         0
                text11                              2D5      2D5       A3         0
                text10                              56E      56E       13         0
                text9                               50D      50D       23         0
                text8                               232      232       A3         0
                text7                               551      551       1D         0
                text6                               4A8      4A8       35         0
                text5                               5AA      5AA        1         0
                text4                               3F3      3F3       79         0
                text3                               59B      59B        9         0
                text2                               378      378       7B         0
                text1                               591      591        A         0
                maintext                            46C      46C       3C         0
                inittext                            581      581       10         0
                idataBANK1                          4DD      4DD       30         0
                idataBANK0                          5A4      5A4        6         0

        CLASS   STRCODE        
                stringtext                          100      100      132         0

        CLASS   STRING         

        CLASS   CONST          

        CLASS   ENTRY          

        CLASS   COMMON         
                cstackCOMMON                         70       70        E         1

        CLASS   BANK0          
                cstackBANK0                          20       20       21         1
                dataBANK0                            41       41        6         1
                bssBANK0                             47       47        3         1

        CLASS   BANK1          
                dataBANK1                            A0       A0       30         1

        CLASS   BANK2          

        CLASS   RAM            

        CLASS   ABS1           
                abs_s1                               7E       7E        2         1

        CLASS   SFR0           

        CLASS   SFR1           

        CLASS   SFR2           

        CLASS   SFR3           

        CLASS   CONFIG         
                config                             2007     2007        1         0

        CLASS   IDLOC          

        CLASS   EEDATA         

        CLASS   BANK3          



SEGMENTS        Name                           Load    Length   Top    Selector   Space  Class     Delta

                reset_vec                      000000  000002  000002         0       0  CODE        2
                intentry                       000004  00002B  00002F         8       0  CODE        2
                cstackBANK0                    000020  00002A  00004A        20       1  BANK0       1
                cstackCOMMON                   000070  00000E  00007E        70       1  COMMON      1
                dataBANK1                      0000A0  000030  0000D0        A0       1  BANK1       1
                stringtext                     000100  000132  000232         2       0  STRCODE     2
                text8                          000232  000379  0005AB       464       0  CODE        2
                config                         002007  000001  002008      400E       0  CONFIG      2


UNUSED ADDRESS RANGES

        Name                Unused          Largest block    Delta
        BANK0            004A-006F             26           1
        BANK1            00D0-00EF             20           1
        BANK2            0120-016F             50           1
        CODE             0002-0003              2           2
                         002F-00FF             D1
                         05AB-0FFF            255
        CONST            0002-0003              2           2
                         002F-00FF             D1
                         05AB-0FFF            100
        EEDATA           2100-21FF            100           2
        ENTRY            0002-0003              2           2
                         002F-00FF             D1
                         05AB-0FFF            100
        IDLOC            2000-2003              4           2
        RAM              004A-006F             26           1
                         00D0-00EF             20
                         0120-016F             50
        SFR0             0000-001F             20           1
        SFR1             0080-009F             20           1
        SFR2             0100-011F             20           1
        SFR3             0180-01EF             70           1
        STACK            0120-016F             50           1
        STRCODE          0002-0003              2           2
                         002F-00FF             D1
                         05AB-0FFF            A55
        STRING           0002-0003              2           2
                         002F-00FF             D1
                         05AB-0FFF            100

                                  Symbol Table

?___wmul                      cstackBANK0  002A
?i1___wmul                    cstackCOMMON 0070
AdvanceAnimation@k            cstackBANK0  0038
AdvanceAnimation@x            cstackBANK0  003A
AdvanceAnimation@y            cstackBANK0  003C
ClearDisplay@i                cstackBANK0  002B
InitAnimation@k               cstackBANK0  0032
InitAnimation@x               cstackBANK0  0034
InitAnimation@y               cstackBANK0  0036
PopulateColumns@i             cstackBANK0  002D
_ANSEL                        (abs)        0091
_AdvanceAnimation             text8        0232
_AdvanceRow                   text7        0551
_ClearDisplay                 text6        04A8
_ConfigureOscillator          text5        05AA
_InitAnimation                text4        03F3
_InitApp                      text3        059B
_PORTCbits                    (abs)        0007
_PopulateColumns              text2        0378
_ReadyDisplay                 text1        0591
_T0IE                         (abs)        005D
_T0IF                         (abs)        005A
_TRISA                        (abs)        0085
_TRISC                        (abs)        0087
__CFG_BOREN$OFF               (abs)        0000
__CFG_CP$OFF                  (abs)        0000
__CFG_CPD$OFF                 (abs)        0000
__CFG_FCMEN$ON                (abs)        0000
__CFG_FOSC$INTOSCIO           (abs)        0000
__CFG_IESO$ON                 (abs)        0000
__CFG_MCLRE$ON                (abs)        0000
__CFG_PWRTE$OFF               (abs)        0000
__CFG_WDTE$OFF                (abs)        0000
__Habs1                       abs1         0000
__Hbank0                      bank0        0000
__Hbank1                      bank1        0000
__Hbank2                      bank2        0000
__Hbank3                      bank3        0000
__HbssBANK0                   bssBANK0     0000
__Hcinit                      cinit        002F
__Hclrtext                    clrtext      0000
__Hcode                       code         0000
__Hcommon                     common       0000
__Hconfig                     config       2008
__HcstackBANK0                cstackBANK0  0000
__HcstackCOMMON               cstackCOMMON 0000
__HdataBANK0                  dataBANK0    0000
__HdataBANK1                  dataBANK1    0000
__Heeprom_data                eeprom_data  0000
__Hend_init                   end_init     0013
__Hfunctab                    functab      0000
__HidataBANK0                 idataBANK0   0000
__HidataBANK1                 idataBANK1   0000
__Hidloc                      idloc        0000
__Hinit                       init         0011
__Hinittext                   inittext     0000
__Hintentry                   intentry     0011
__Hmaintext                   maintext     0000
__Hpowerup                    powerup      0000
__Hram                        ram          0000
__Hreset_vec                  reset_vec    0002
__Hsfr0                       sfr0         0000
__Hsfr1                       sfr1         0000
__Hsfr2                       sfr2         0000
__Hsfr3                       sfr3         0000
__Hspace_0                    (abs)        2008
__Hspace_1                    (abs)        00D0
__Hspace_2                    (abs)        0000
__Hspace_3                    (abs)        0000
__Hstack                      stack        0000
__Hstrings                    strings      0000
__Hstringtext                 stringtext   0000
__Htext                       text         0000
__Labs1                       abs1         0000
__Lbank0                      bank0        0000
__Lbank1                      bank1        0000
__Lbank2                      bank2        0000
__Lbank3                      bank3        0000
__LbssBANK0                   bssBANK0     0000
__Lcinit                      cinit        0013
__Lclrtext                    clrtext      0000
__Lcode                       code         0000
__Lcommon                     common       0000
__Lconfig                     config       2007
__LcstackBANK0                cstackBANK0  0000
__LcstackCOMMON               cstackCOMMON 0000
__LdataBANK0                  dataBANK0    0000
__LdataBANK1                  dataBANK1    0000
__Leeprom_data                eeprom_data  0000
__Lend_init                   end_init     0011
__Lfunctab                    functab      0000
__LidataBANK0                 idataBANK0   0000
__LidataBANK1                 idataBANK1   0000
__Lidloc                      idloc        0000
__Linit                       init         0011
__Linittext                   inittext     0000
__Lintentry                   intentry     0004
__Lmaintext                   maintext     0000
__Lpowerup                    powerup      0000
__Lram                        ram          0000
__Lreset_vec                  reset_vec    0000
__Lsfr0                       sfr0         0000
__Lsfr1                       sfr1         0000
__Lsfr2                       sfr2         0000
__Lsfr3                       sfr3         0000
__Lspace_0                    (abs)        0000
__Lspace_1                    (abs)        0000
__Lspace_2                    (abs)        0000
__Lspace_3                    (abs)        0000
__Lstack                      stack        0000
__Lstrings                    strings      0000
__Lstringtext                 stringtext   0000
__Ltext                       text         0000
__S0                          (abs)        2008
__S1                          (abs)        00D0
__S2                          (abs)        0000
__S3                          (abs)        0000
___int_sp                     stack        0000
___latbits                    (abs)        0001
___sp                         stack        0000
___wmul                       text9        050D
___wmul@multiplicand          cstackBANK0  002C
___wmul@multiplier            cstackBANK0  002A
___wmul@product               cstackBANK0  002E
__end_of_AdvanceAnimation     text8        02D5
__end_of_AdvanceRow           text7        056E
__end_of_ClearDisplay         text6        04DD
__end_of_ConfigureOscillator  text5        05AB
__end_of_InitAnimation        text4        046C
__end_of_InitApp              text3        05A4
__end_of_PopulateColumns      text2        03F3
__end_of_ReadyDisplay         text1        059B
__end_of___wmul               text9        0530
__end_of__initialization      cinit        002C
__end_of__stringtab           stringtext   0112
__end_of_animation            stringtext   0232
__end_of_isr                  text10       0581
__end_of_main                 maintext     04A8
__end_ofi1_AdvanceAnimation   text11       0378
__end_ofi1___wmul             text12       0551
__initialization              cinit        0013
__pbssBANK0                   bssBANK0     0047
__pcstackBANK0                cstackBANK0  0020
__pcstackCOMMON               cstackCOMMON 0070
__pdataBANK0                  dataBANK0    0041
__pdataBANK1                  dataBANK1    00A0
__pidataBANK0                 idataBANK0   05A4
__pidataBANK1                 idataBANK1   04DD
__pintentry                   intentry     0004
__pmaintext                   maintext     046C
__pstringtext                 stringtext   0100
__ptext1                      text1        0591
__ptext10                     text10       056E
__ptext11                     text11       02D5
__ptext12                     text12       0530
__ptext2                      text2        0378
__ptext3                      text3        059B
__ptext4                      text4        03F3
__ptext5                      text5        05AA
__ptext6                      text6        04A8
__ptext7                      text7        0551
__ptext8                      text8        0232
__ptext9                      text9        050D
__size_of_AdvanceAnimation    (abs)        0000
__size_of_AdvanceRow          (abs)        0000
__size_of_ClearDisplay        (abs)        0000
__size_of_ConfigureOscillator (abs)        0000
__size_of_InitAnimation       (abs)        0000
__size_of_InitApp             (abs)        0000
__size_of_PopulateColumns     (abs)        0000
__size_of_ReadyDisplay        (abs)        0000
__size_of___wmul              (abs)        0000
__size_of_isr                 (abs)        0000
__size_of_main                (abs)        0000
__size_ofi1_AdvanceAnimation  (abs)        0000
__size_ofi1___wmul            (abs)        0000
__stringbase                  stringtext   0112
__stringtab                   stringtext   0100
_animation                    stringtext   0112
_buf                          dataBANK1    00A0
_currentRow                   bssBANK0     0049
_frame                        bssBANK0     0047
_frameSize                    dataBANK0    0043
_isr                          text10       056E
_main                         maintext     046C
_maxFrames                    dataBANK0    0045
_rowCount                     dataBANK0    0041
btemp                         (abs)        007E
end_of_initialization         cinit        002C
i1AdvanceAnimation@k          cstackBANK0  0020
i1AdvanceAnimation@x          cstackBANK0  0022
i1AdvanceAnimation@y          cstackBANK0  0024
i1_AdvanceAnimation           text11       02D5
i1___wmul                     text12       0530
i1___wmul@multiplicand        cstackCOMMON 0072
i1___wmul@multiplier          cstackCOMMON 0070
i1___wmul@product             cstackCOMMON 0074
init_fetch0                   inittext     0581
init_ram0                     inittext     0585
interrupt_function            intentry     0004
intlevel0                     functab      0000
intlevel1                     functab      0000
intlevel2                     functab      0000
intlevel3                     functab      0000
intlevel4                     functab      0000
intlevel5                     functab      0000
main@counter                  cstackBANK0  003F
reset_vec                     reset_vec    0000
saved_w                       (abs)        007E
stackhi                       (abs)        0000
stacklo                       (abs)        0000
start                         init         0011
start_initialization          cinit        0013
wtemp0                        (abs)        007E


FUNCTION INFORMATION:

 *************** function _main *****************
 Defined at:
		line 26 in file "main.c"
 Parameters:    Size  Location     Type
		None
 Auto vars:     Size  Location     Type
  counter         2   31[BANK0 ] int 
 Return value:  Size  Location     Type
                  1    wreg      void 
 Registers used:
		wreg, fsr0l, fsr0h, status,2, status,0, btemp+1, pclath, cstack
 Tracked objects:
		On entry : 
		On exit  : 
		Unchanged: 
 Data sizes:     COMMON   BANK0   BANK1   BANK2
      Params:         0       0       0       0
      Locals:         0       2       0       0
      Temps:          0       1       0       0
      Totals:         0       3       0       0
Total ram usage:        3 bytes
 Hardware stack levels required when called:    5
 This function calls:
		_AdvanceAnimation
		_AdvanceRow
		_ClearDisplay
		_ConfigureOscillator
		_InitAnimation
		_InitApp
		_PopulateColumns
		_ReadyDisplay
 This function is called by:
		Startup code after reset
 This function uses a non-reentrant model


 *************** function _ReadyDisplay *****************
 Defined at:
		line 114 in file "user.c"
 Parameters:    Size  Location     Type
		None
 Auto vars:     Size  Location     Type
		None
 Return value:  Size  Location     Type
                  1    wreg      void 
 Registers used:
		None
 Tracked objects:
		On entry : 
		On exit  : 
		Unchanged: 
 Data sizes:     COMMON   BANK0   BANK1   BANK2
      Params:         0       0       0       0
      Locals:         0       0       0       0
      Temps:          0       0       0       0
      Totals:         0       0       0       0
Total ram usage:        0 bytes
 Hardware stack levels used:    1
 Hardware stack levels required when called:    3
 This function calls:
		Nothing
 This function is called by:
		_main
 This function uses a non-reentrant model


 *************** function _PopulateColumns *****************
 Defined at:
		line 131 in file "user.c"
 Parameters:    Size  Location     Type
		None
 Auto vars:     Size  Location     Type
  i               2   13[BANK0 ] int 
 Return value:  Size  Location     Type
                  1    wreg      void 
 Registers used:
		wreg, fsr0l, fsr0h, status,2, status,0
 Tracked objects:
		On entry : 
		On exit  : 
		Unchanged: 
 Data sizes:     COMMON   BANK0   BANK1   BANK2
      Params:         0       0       0       0
      Locals:         0       2       0       0
      Temps:          0       3       0       0
      Totals:         0       5       0       0
Total ram usage:        5 bytes
 Hardware stack levels used:    1
 Hardware stack levels required when called:    3
 This function calls:
		Nothing
 This function is called by:
		_main
 This function uses a non-reentrant model


 *************** function _InitApp *****************
 Defined at:
		line 42 in file "user.c"
 Parameters:    Size  Location     Type
		None
 Auto vars:     Size  Location     Type
		None
 Return value:  Size  Location     Type
                  1    wreg      void 
 Registers used:
		wreg, status,2
 Tracked objects:
		On entry : 
		On exit  : 
		Unchanged: 
 Data sizes:     COMMON   BANK0   BANK1   BANK2
      Params:         0       0       0       0
      Locals:         0       0       0       0
      Temps:          0       0       0       0
      Totals:         0       0       0       0
Total ram usage:        0 bytes
 Hardware stack levels used:    1
 Hardware stack levels required when called:    3
 This function calls:
		Nothing
 This function is called by:
		_main
 This function uses a non-reentrant model


 *************** function _InitAnimation *****************
 Defined at:
		line 61 in file "user.c"
 Parameters:    Size  Location     Type
		None
 Auto vars:     Size  Location     Type
  x               2   20[BANK0 ] int 
  k               2   18[BANK0 ] int 
  y               2   22[BANK0 ] int 
 Return value:  Size  Location     Type
                  1    wreg      void 
 Registers used:
		wreg, fsr0l, fsr0h, status,2, status,0, btemp+1, pclath
 Tracked objects:
		On entry : 
		On exit  : 
		Unchanged: 
 Data sizes:     COMMON   BANK0   BANK1   BANK2
      Params:         0       0       0       0
      Locals:         0       6       0       0
      Temps:          0       8       0       0
      Totals:         0      14       0       0
Total ram usage:       14 bytes
 Hardware stack levels used:    1
 Hardware stack levels required when called:    3
 This function calls:
		Nothing
 This function is called by:
		_main
 This function uses a non-reentrant model


 *************** function _ConfigureOscillator *****************
 Defined at:
		line 18 in file "system.c"
 Parameters:    Size  Location     Type
		None
 Auto vars:     Size  Location     Type
		None
 Return value:  Size  Location     Type
                  1    wreg      void 
 Registers used:
		None
 Tracked objects:
		On entry : 
		On exit  : 
		Unchanged: 
 Data sizes:     COMMON   BANK0   BANK1   BANK2
      Params:         0       0       0       0
      Locals:         0       0       0       0
      Temps:          0       0       0       0
      Totals:         0       0       0       0
Total ram usage:        0 bytes
 Hardware stack levels used:    1
 Hardware stack levels required when called:    3
 This function calls:
		Nothing
 This function is called by:
		_main
 This function uses a non-reentrant model


 *************** function _ClearDisplay *****************
 Defined at:
		line 72 in file "user.c"
 Parameters:    Size  Location     Type
		None
 Auto vars:     Size  Location     Type
  i               2   11[BANK0 ] int 
 Return value:  Size  Location     Type
                  1    wreg      void 
 Registers used:
		wreg, status,2, btemp+1
 Tracked objects:
		On entry : 
		On exit  : 
		Unchanged: 
 Data sizes:     COMMON   BANK0   BANK1   BANK2
      Params:         0       0       0       0
      Locals:         0       2       0       0
      Temps:          0       1       0       0
      Totals:         0       3       0       0
Total ram usage:        3 bytes
 Hardware stack levels used:    1
 Hardware stack levels required when called:    3
 This function calls:
		Nothing
 This function is called by:
		_main
 This function uses a non-reentrant model


 *************** function _AdvanceRow *****************
 Defined at:
		line 97 in file "user.c"
 Parameters:    Size  Location     Type
		None
 Auto vars:     Size  Location     Type
		None
 Return value:  Size  Location     Type
                  1    wreg      void 
 Registers used:
		wreg, status,2, btemp+1
 Tracked objects:
		On entry : 
		On exit  : 
		Unchanged: 
 Data sizes:     COMMON   BANK0   BANK1   BANK2
      Params:         0       0       0       0
      Locals:         0       0       0       0
      Temps:          0       0       0       0
      Totals:         0       0       0       0
Total ram usage:        0 bytes
 Hardware stack levels used:    1
 Hardware stack levels required when called:    3
 This function calls:
		Nothing
 This function is called by:
		_main
 This function uses a non-reentrant model


 *************** function _AdvanceAnimation *****************
 Defined at:
		line 180 in file "user.c"
 Parameters:    Size  Location     Type
		None
 Auto vars:     Size  Location     Type
  x               2   26[BANK0 ] int 
  k               2   24[BANK0 ] int 
  y               2   28[BANK0 ] int 
 Return value:  Size  Location     Type
                  1    wreg      void 
 Registers used:
		wreg, fsr0l, fsr0h, status,2, status,0, btemp+1, pclath, cstack
 Tracked objects:
		On entry : 
		On exit  : 
		Unchanged: 
 Data sizes:     COMMON   BANK0   BANK1   BANK2
      Params:         0       0       0       0
      Locals:         0       6       0       0
      Temps:          0       8       0       0
      Totals:         0      14       0       0
Total ram usage:       14 bytes
 Hardware stack levels used:    1
 Hardware stack levels required when called:    4
 This function calls:
		___wmul
 This function is called by:
		_main
 This function uses a non-reentrant model


 *************** function ___wmul *****************
 Defined at:
		line 15 in file "C:\Program Files (x86)\Microchip\xc8\v1.44\sources\common\Umul16.c"
 Parameters:    Size  Location     Type
  multiplier      2   10[BANK0 ] unsigned int 
  multiplicand    2   12[BANK0 ] unsigned int 
 Auto vars:     Size  Location     Type
  product         2   14[BANK0 ] unsigned int 
 Return value:  Size  Location     Type
                  2   10[BANK0 ] unsigned int 
 Registers used:
		wreg, status,2, status,0
 Tracked objects:
		On entry : 
		On exit  : 
		Unchanged: 
 Data sizes:     COMMON   BANK0   BANK1   BANK2
      Params:         0       4       0       0
      Locals:         0       2       0       0
      Temps:          0       0       0       0
      Totals:         0       6       0       0
Total ram usage:        6 bytes
 Hardware stack levels used:    1
 Hardware stack levels required when called:    3
 This function calls:
		Nothing
 This function is called by:
		_AdvanceAnimation
 This function uses a non-reentrant model


 *************** function _isr *****************
 Defined at:
		line 24 in file "interrupts.c"
 Parameters:    Size  Location     Type
		None
 Auto vars:     Size  Location     Type
		None
 Return value:  Size  Location     Type
                  1    wreg      void 
 Registers used:
		wreg, fsr0l, fsr0h, status,2, status,0, btemp+1, pclath, cstack
 Tracked objects:
		On entry : 
		On exit  : 
		Unchanged: 
 Data sizes:     COMMON   BANK0   BANK1   BANK2
      Params:         0       0       0       0
      Locals:         0       0       0       0
      Temps:          0       4       0       0
      Totals:         0       4       0       0
Total ram usage:        4 bytes
 Hardware stack levels used:    1
 Hardware stack levels required when called:    2
 This function calls:
		i1_AdvanceAnimation
 This function is called by:
		Interrupt level 1
 This function uses a non-reentrant model


 *************** function i1_AdvanceAnimation *****************
 Defined at:
		line 180 in file "user.c"
 Parameters:    Size  Location     Type
		None
 Auto vars:     Size  Location     Type
  AdvanceAnima    2    4[BANK0 ] int 
  AdvanceAnima    2    2[BANK0 ] int 
  AdvanceAnima    2    0[BANK0 ] int 
 Return value:  Size  Location     Type
                  1    wreg      void 
 Registers used:
		wreg, fsr0l, fsr0h, status,2, status,0, btemp+1, pclath, cstack
 Tracked objects:
		On entry : 
		On exit  : 
		Unchanged: 
 Data sizes:     COMMON   BANK0   BANK1   BANK2
      Params:         0       0       0       0
      Locals:         0       6       0       0
      Temps:          8       0       0       0
      Totals:         8       6       0       0
Total ram usage:       14 bytes
 Hardware stack levels used:    1
 Hardware stack levels required when called:    1
 This function calls:
		i1___wmul
 This function is called by:
		_isr
 This function uses a non-reentrant model


 *************** function i1___wmul *****************
 Defined at:
		line 15 in file "C:\Program Files (x86)\Microchip\xc8\v1.44\sources\common\Umul16.c"
 Parameters:    Size  Location     Type
  multiplier      2    0[COMMON] unsigned int 
  multiplicand    2    2[COMMON] unsigned int 
 Auto vars:     Size  Location     Type
  __wmul          2    4[COMMON] unsigned int 
 Return value:  Size  Location     Type
                  2    0[COMMON] unsigned int 
 Registers used:
		wreg, status,2, status,0
 Tracked objects:
		On entry : 
		On exit  : 
		Unchanged: 
 Data sizes:     COMMON   BANK0   BANK1   BANK2
      Params:         4       0       0       0
      Locals:         2       0       0       0
      Temps:          0       0       0       0
      Totals:         6       0       0       0
Total ram usage:        6 bytes
 Hardware stack levels used:    1
 This function calls:
		Nothing
 This function is called by:
		i1_AdvanceAnimation
 This function uses a non-reentrant model



MODULE INFORMATION

Module		Function		Class		Link	Load	Size
interrupts.c
		_isr           		CODE           	056E	0000	20

interrupts.c estimated size: 20

C:\Program Files (x86)\Microchip\xc8\v1.44\sources\common\Umul16.c
		___wmul        		CODE           	050D	0000	36

C:\Program Files (x86)\Microchip\xc8\v1.44\sources\common\Umul16.c estimated size: 36

shared
		__stringtab    		STRCODE        	0100	0000	19
		i1_AdvanceAnimation		CODE           	02D5	0000	164
		_animation     		STRCODE        	0112	0000	289
		i1___wmul      		CODE           	0530	0000	34
		__initialization		CODE           	0013	0000	26

shared estimated size: 532

user.c
		_ClearDisplay  		CODE           	04A8	0000	54
		_InitAnimation 		CODE           	03F3	0000	122
		_ReadyDisplay  		CODE           	0591	0000	11
		_InitApp       		CODE           	059B	0000	10
		_PopulateColumns		CODE           	0378	0000	124
		_AdvanceRow    		CODE           	0551	0000	30
		_AdvanceAnimation		CODE           	0232	0000	164

user.c estimated size: 515

main.c
		_main          		CODE           	046C	0000	61

main.c estimated size: 61

system.c
		_ConfigureOscillator		CODE           	05AA	0000	2

system.c estimated size: 2

