Microchip MPLAB XC8 Compiler V1.44 ()

Linker command line:

-W-2 --edf=C:\Program Files (x86)\Microchip\xc8\v1.44\dat\en_msgs.txt -cs \
  -h+dist/XC8_PIC16F688/production\LED_Badge.X.production.sym \
  --cmf=dist/XC8_PIC16F688/production\LED_Badge.X.production.cmf -z \
  -Q16F688 -oC:\Users\Karl\AppData\Local\Temp\shc0.2 \
  -Mdist/XC8_PIC16F688/production/LED_Badge.X.production.map -E1 -ver=XC8 \
  -ASTACK=0A0h-0efh -pstack=STACK -ACODE=00h-07FFhx2 -ASTRCODE=00h-0FFFh \
  -ASTRING=00h-0FFhx16 -ACONST=00h-0FFhx16 -AENTRY=00h-0FFhx16 \
  -ACOMMON=070h-07Fh -ABANK0=020h-06Fh -ABANK1=0A0h-0EFh \
  -ABANK2=0120h-016Fh -ARAM=020h-06Fh,0A0h-0EFh,0120h-016Fh \
  -AABS1=020h-07Fh,0A0h-0EFh,0120h-016Fh -ASFR0=00h-01Fh -ASFR1=080h-09Fh \
  -ASFR2=0100h-011Fh -ASFR3=0180h-01EFh \
  -preset_vec=00h,intentry=04h,init,end_init -ppowerup=CODE -pcinit=CODE \
  -pfunctab=ENTRY -ACONFIG=02007h-02007h -pconfig=CONFIG -DCONFIG=2 \
  -AIDLOC=02000h-02003h -pidloc=IDLOC -DIDLOC=2 -AEEDATA=00h-0FFh/02100h \
  -peeprom_data=EEDATA -DEEDATA=2 -DCODE=2 -DSTRCODE=2 -DSTRING=2 -DCONST=2 \
  -DENTRY=2 -k C:\Users\Karl\AppData\Local\Temp\shc0.obj \
  dist/XC8_PIC16F688/production\LED_Badge.X.production.obj 

Object code version is 3.11

Machine type is 16F688



                Name                               Link     Load   Length Selector   Space Scale
C:\Users\Karl\AppData\Local\Temp\shc0.obj
                end_init                             11       11        2        8       0
                reset_vec                             0        0        2        0       0
                config                             2007     2007        1     400E       0
dist/XC8_PIC16F688/production\LED_Badge.X.production.obj
                cinit                                13       13       19        8       0
                intentry                              4        4        D        8       0
                text10                              366      366        D      30C       0
                text9                               318      318       23      30C       0
                text8                                2C       2C       9A        8       0
                text7                               33B      33B       1B      30C       0
                text6                               2E4      2E4       34      30C       0
                text5                               388      388        1      30C       0
                text4                               37D      37D        9      30C       0
                text3                               1FF      1FF       6F      30C       0
                text2                               186      186       79      30C       0
                text1                               373      373        A      30C       0
                maintext                            26E      26E       42      30C       0
                cstackBANK0                          54       54       16       20       1
                cstackCOMMON                         70       70        7       70       1
                inittext                            356      356       10      30C       0
                dataBANK0                            20       20       34       20       1
                bssBANK0                             6A       6A        2       20       1
                dataCOMMON                           77       77        2       70       1
                bssCOMMON                            79       79        1       70       1
                strings                             100      100       86      200       0
                idataBANK0                          2B0      2B0       34      30C       0
                idataCOMMON                         386      386        2      30C       0

TOTAL           Name                               Link     Load   Length     Space
        CLASS   STACK          

        CLASS   CODE           
                end_init                             11       11        2         0
                cinit                                13       13       19         0
                intentry                              4        4        D         0
                reset_vec                             0        0        2         0
                text10                              366      366        D         0
                text9                               318      318       23         0
                text8                                2C       2C       9A         0
                text7                               33B      33B       1B         0
                text6                               2E4      2E4       34         0
                text5                               388      388        1         0
                text4                               37D      37D        9         0
                text3                               1FF      1FF       6F         0
                text2                               186      186       79         0
                text1                               373      373        A         0
                maintext                            26E      26E       42         0
                inittext                            356      356       10         0
                idataBANK0                          2B0      2B0       34         0
                idataCOMMON                         386      386        2         0

        CLASS   STRCODE        

        CLASS   STRING         
                strings                             100      100       86         0

        CLASS   CONST          

        CLASS   ENTRY          

        CLASS   COMMON         
                cstackCOMMON                         70       70        7         1
                dataCOMMON                           77       77        2         1
                bssCOMMON                            79       79        1         1

        CLASS   BANK0          
                cstackBANK0                          54       54       16         1
                dataBANK0                            20       20       34         1
                bssBANK0                             6A       6A        2         1

        CLASS   BANK1          

        CLASS   BANK2          

        CLASS   RAM            

        CLASS   ABS1           
                abs_s1                               7E       7E        2         1

        CLASS   SFR0           

        CLASS   SFR1           

        CLASS   SFR2           

        CLASS   SFR3           

        CLASS   CONFIG         
                config                             2007     2007        1         0

        CLASS   IDLOC          

        CLASS   EEDATA         

        CLASS   BANK3          



SEGMENTS        Name                           Load    Length   Top    Selector   Space  Class     Delta

                reset_vec                      000000  000002  000002         0       0  CODE        2
                intentry                       000004  0000C2  0000C6         8       0  CODE        2
                dataBANK0                      000020  00004C  00006C        20       1  BANK0       1
                cstackCOMMON                   000070  00000A  00007A        70       1  COMMON      1
                strings                        000100  000086  000186       200       0  STRING      2
                text2                          000186  000203  000389       30C       0  CODE        2
                config                         002007  000001  002008      400E       0  CONFIG      2


UNUSED ADDRESS RANGES

        Name                Unused          Largest block    Delta
        BANK0            006C-006F              4           1
        BANK1            00A0-00EF             50           1
        BANK2            0120-016F             50           1
        CODE             0002-0003              2           2
                         00C6-00FF             3A
                         0389-0FFF            477
        COMMON           007A-007D              4           1
        CONST            0002-0003              2           2
                         00C6-00FF             3A
                         0389-0FFF            100
        EEDATA           2100-21FF            100           2
        ENTRY            0002-0003              2           2
                         00C6-00FF             3A
                         0389-0FFF            100
        IDLOC            2000-2003              4           2
        RAM              006C-006F              4           1
                         00A0-00EF             50
                         0120-016F             50
        SFR0             0000-001F             20           1
        SFR1             0080-009F             20           1
        SFR2             0100-011F             20           1
        SFR3             0180-01EF             70           1
        STACK            00A0-00EF             50           1
        STRCODE          0002-0003              2           2
                         00C6-00FF             3A
                         0389-0FFF            C77
        STRING           0002-0003              2           2
                         00C6-00FF             3A
                         0389-0FFF            100

                                  Symbol Table

?___wmul                        cstackBANK0  0054
AdvanceAnimationFrame@k         cstackBANK0  0061
AdvanceAnimationFrame@x         cstackBANK0  0063
AdvanceAnimationFrame@y         cstackBANK0  0065
ClearDisplay@i                  cstackCOMMON 0075
InitFrameAnimation@k            cstackBANK0  005B
InitFrameAnimation@x            cstackBANK0  005D
InitFrameAnimation@y            cstackBANK0  005F
PopulateColumns@i               cstackBANK0  0054
_ANSEL                          (abs)        0091
_AdvanceAnimationFrame          text8        002C
_AdvanceRow                     text7        033B
_ClearDisplay                   text6        02E4
_ConfigureOscillator            text5        0388
_InitApp                        text4        037D
_InitFrameAnimation             text3        01FF
_PORTCbits                      (abs)        0007
_PopulateColumns                text2        0186
_ReadyDisplay                   text1        0373
_T0IE                           (abs)        005D
_T0IF                           (abs)        005A
_TRISA                          (abs)        0085
_TRISC                          (abs)        0087
__CFG_BOREN$OFF                 (abs)        0000
__CFG_CP$OFF                    (abs)        0000
__CFG_CPD$OFF                   (abs)        0000
__CFG_FCMEN$ON                  (abs)        0000
__CFG_FOSC$INTOSCIO             (abs)        0000
__CFG_IESO$ON                   (abs)        0000
__CFG_MCLRE$ON                  (abs)        0000
__CFG_PWRTE$OFF                 (abs)        0000
__CFG_WDTE$OFF                  (abs)        0000
__Habs1                         abs1         0000
__Hbank0                        bank0        0000
__Hbank1                        bank1        0000
__Hbank2                        bank2        0000
__Hbank3                        bank3        0000
__HbssBANK0                     bssBANK0     0000
__HbssCOMMON                    bssCOMMON    0000
__Hcinit                        cinit        002C
__Hclrtext                      clrtext      0000
__Hcode                         code         0000
__Hcommon                       common       0000
__Hconfig                       config       2008
__HcstackBANK0                  cstackBANK0  0000
__HcstackCOMMON                 cstackCOMMON 0000
__HdataBANK0                    dataBANK0    0000
__HdataCOMMON                   dataCOMMON   0000
__Heeprom_data                  eeprom_data  0000
__Hend_init                     end_init     0013
__Hfunctab                      functab      0000
__HidataBANK0                   idataBANK0   0000
__HidataCOMMON                  idataCOMMON  0000
__Hidloc                        idloc        0000
__Hinit                         init         0011
__Hinittext                     inittext     0000
__Hintentry                     intentry     0011
__Hmaintext                     maintext     0000
__Hpowerup                      powerup      0000
__Hram                          ram          0000
__Hreset_vec                    reset_vec    0002
__Hsfr0                         sfr0         0000
__Hsfr1                         sfr1         0000
__Hsfr2                         sfr2         0000
__Hsfr3                         sfr3         0000
__Hspace_0                      (abs)        2008
__Hspace_1                      (abs)        007A
__Hspace_2                      (abs)        0000
__Hspace_3                      (abs)        0000
__Hstack                        stack        0000
__Hstrings                      strings      0000
__Htext                         text         0000
__Labs1                         abs1         0000
__Lbank0                        bank0        0000
__Lbank1                        bank1        0000
__Lbank2                        bank2        0000
__Lbank3                        bank3        0000
__LbssBANK0                     bssBANK0     0000
__LbssCOMMON                    bssCOMMON    0000
__Lcinit                        cinit        0013
__Lclrtext                      clrtext      0000
__Lcode                         code         0000
__Lcommon                       common       0000
__Lconfig                       config       2007
__LcstackBANK0                  cstackBANK0  0000
__LcstackCOMMON                 cstackCOMMON 0000
__LdataBANK0                    dataBANK0    0000
__LdataCOMMON                   dataCOMMON   0000
__Leeprom_data                  eeprom_data  0000
__Lend_init                     end_init     0011
__Lfunctab                      functab      0000
__LidataBANK0                   idataBANK0   0000
__LidataCOMMON                  idataCOMMON  0000
__Lidloc                        idloc        0000
__Linit                         init         0011
__Linittext                     inittext     0000
__Lintentry                     intentry     0004
__Lmaintext                     maintext     0000
__Lpowerup                      powerup      0000
__Lram                          ram          0000
__Lreset_vec                    reset_vec    0000
__Lsfr0                         sfr0         0000
__Lsfr1                         sfr1         0000
__Lsfr2                         sfr2         0000
__Lsfr3                         sfr3         0000
__Lspace_0                      (abs)        0000
__Lspace_1                      (abs)        0000
__Lspace_2                      (abs)        0000
__Lspace_3                      (abs)        0000
__Lstack                        stack        0000
__Lstrings                      strings      0000
__Ltext                         text         0000
__S0                            (abs)        2008
__S1                            (abs)        007A
__S2                            (abs)        0000
__S3                            (abs)        0000
___int_sp                       stack        0000
___latbits                      (abs)        0001
___sp                           stack        0000
___wmul                         text9        0318
___wmul@multiplicand            cstackBANK0  0056
___wmul@multiplier              cstackBANK0  0054
___wmul@product                 cstackCOMMON 0074
__end_of_AdvanceAnimationFrame  text8        00C6
__end_of_AdvanceRow             text7        0356
__end_of_ClearDisplay           text6        0318
__end_of_ConfigureOscillator    text5        0389
__end_of_InitApp                text4        0386
__end_of_InitFrameAnimation     text3        026E
__end_of_PopulateColumns        text2        01FF
__end_of_ReadyDisplay           text1        037D
__end_of___wmul                 text9        033B
__end_of__initialization        cinit        0029
__end_of__stringtab             strings      0106
__end_of_frameAnimation         strings      0186
__end_of_isr                    text10       0373
__end_of_main                   maintext     02B0
__initialization                cinit        0013
__pbssBANK0                     bssBANK0     006A
__pbssCOMMON                    bssCOMMON    0079
__pcstackBANK0                  cstackBANK0  0054
__pcstackCOMMON                 cstackCOMMON 0070
__pdataBANK0                    dataBANK0    0020
__pdataCOMMON                   dataCOMMON   0077
__pidataBANK0                   idataBANK0   02B0
__pidataCOMMON                  idataCOMMON  0386
__pintentry                     intentry     0004
__pmaintext                     maintext     026E
__pstrings                      strings      0100
__ptext1                        text1        0373
__ptext10                       text10       0366
__ptext2                        text2        0186
__ptext3                        text3        01FF
__ptext4                        text4        037D
__ptext5                        text5        0388
__ptext6                        text6        02E4
__ptext7                        text7        033B
__ptext8                        text8        002C
__ptext9                        text9        0318
__size_of_AdvanceAnimationFrame (abs)        0000
__size_of_AdvanceRow            (abs)        0000
__size_of_ClearDisplay          (abs)        0000
__size_of_ConfigureOscillator   (abs)        0000
__size_of_InitApp               (abs)        0000
__size_of_InitFrameAnimation    (abs)        0000
__size_of_PopulateColumns       (abs)        0000
__size_of_ReadyDisplay          (abs)        0000
__size_of___wmul                (abs)        0000
__size_of_isr                   (abs)        0000
__size_of_main                  (abs)        0000
__stringbase                    strings      0105
__stringtab                     strings      0100
_buf                            dataBANK0    0020
_currentRow                     bssCOMMON    0079
_frame                          bssBANK0     006A
_frameAnimation                 strings      0106
_frameSize                      dataBANK0    0050
_isr                            text10       0366
_main                           maintext     026E
_maxFrames                      dataBANK0    0052
_rowCount                       dataCOMMON   0077
btemp                           (abs)        007E
end_of_initialization           cinit        0029
init_fetch0                     inittext     0356
init_ram0                       inittext     035A
interrupt_function              intentry     0004
intlevel0                       functab      0000
intlevel1                       functab      0000
intlevel2                       functab      0000
intlevel3                       functab      0000
intlevel4                       functab      0000
intlevel5                       functab      0000
main@counter                    cstackBANK0  0068
reset_vec                       reset_vec    0000
saved_w                         (abs)        007E
stackhi                         (abs)        0000
stacklo                         (abs)        0000
start                           init         0011
start_initialization            cinit        0013
wtemp0                          (abs)        007E


FUNCTION INFORMATION:

 *************** function _main *****************
 Defined at:
		line 26 in file "main.c"
 Parameters:    Size  Location     Type
		None
 Auto vars:     Size  Location     Type
  counter         2   20[BANK0 ] int 
 Return value:  Size  Location     Type
                  1    wreg      void 
 Registers used:
		wreg, fsr0l, fsr0h, status,2, status,0, btemp+1, pclath, cstack
 Tracked objects:
		On entry : 
		On exit  : 
		Unchanged: 
 Data sizes:     COMMON   BANK0   BANK1   BANK2
      Params:         0       0       0       0
      Locals:         0       2       0       0
      Temps:          0       1       0       0
      Totals:         0       3       0       0
Total ram usage:        3 bytes
 Hardware stack levels required when called:    3
 This function calls:
		_AdvanceAnimationFrame
		_AdvanceRow
		_ClearDisplay
		_ConfigureOscillator
		_InitApp
		_InitFrameAnimation
		_PopulateColumns
		_ReadyDisplay
 This function is called by:
		Startup code after reset
 This function uses a non-reentrant model


 *************** function _ReadyDisplay *****************
 Defined at:
		line 114 in file "user.c"
 Parameters:    Size  Location     Type
		None
 Auto vars:     Size  Location     Type
		None
 Return value:  Size  Location     Type
                  1    wreg      void 
 Registers used:
		None
 Tracked objects:
		On entry : 
		On exit  : 
		Unchanged: 
 Data sizes:     COMMON   BANK0   BANK1   BANK2
      Params:         0       0       0       0
      Locals:         0       0       0       0
      Temps:          0       0       0       0
      Totals:         0       0       0       0
Total ram usage:        0 bytes
 Hardware stack levels used:    1
 Hardware stack levels required when called:    1
 This function calls:
		Nothing
 This function is called by:
		_main
 This function uses a non-reentrant model


 *************** function _PopulateColumns *****************
 Defined at:
		line 131 in file "user.c"
 Parameters:    Size  Location     Type
		None
 Auto vars:     Size  Location     Type
  i               2    0[BANK0 ] int 
 Return value:  Size  Location     Type
                  1    wreg      void 
 Registers used:
		wreg, fsr0l, fsr0h, status,2, status,0
 Tracked objects:
		On entry : 
		On exit  : 
		Unchanged: 
 Data sizes:     COMMON   BANK0   BANK1   BANK2
      Params:         0       0       0       0
      Locals:         0       2       0       0
      Temps:          3       0       0       0
      Totals:         3       2       0       0
Total ram usage:        5 bytes
 Hardware stack levels used:    1
 Hardware stack levels required when called:    1
 This function calls:
		Nothing
 This function is called by:
		_main
 This function uses a non-reentrant model


 *************** function _InitFrameAnimation *****************
 Defined at:
		line 61 in file "user.c"
 Parameters:    Size  Location     Type
		None
 Auto vars:     Size  Location     Type
  x               2    9[BANK0 ] int 
  k               2    7[BANK0 ] int 
  y               2   11[BANK0 ] int 
 Return value:  Size  Location     Type
                  1    wreg      void 
 Registers used:
		wreg, fsr0l, fsr0h, status,2, status,0, btemp+1, pclath
 Tracked objects:
		On entry : 
		On exit  : 
		Unchanged: 
 Data sizes:     COMMON   BANK0   BANK1   BANK2
      Params:         0       0       0       0
      Locals:         0       6       0       0
      Temps:          0       7       0       0
      Totals:         0      13       0       0
Total ram usage:       13 bytes
 Hardware stack levels used:    2
 Hardware stack levels required when called:    1
 This function calls:
		Nothing
 This function is called by:
		_main
 This function uses a non-reentrant model


 *************** function _InitApp *****************
 Defined at:
		line 42 in file "user.c"
 Parameters:    Size  Location     Type
		None
 Auto vars:     Size  Location     Type
		None
 Return value:  Size  Location     Type
                  1    wreg      void 
 Registers used:
		wreg, status,2
 Tracked objects:
		On entry : 
		On exit  : 
		Unchanged: 
 Data sizes:     COMMON   BANK0   BANK1   BANK2
      Params:         0       0       0       0
      Locals:         0       0       0       0
      Temps:          0       0       0       0
      Totals:         0       0       0       0
Total ram usage:        0 bytes
 Hardware stack levels used:    1
 Hardware stack levels required when called:    1
 This function calls:
		Nothing
 This function is called by:
		_main
 This function uses a non-reentrant model


 *************** function _ConfigureOscillator *****************
 Defined at:
		line 18 in file "system.c"
 Parameters:    Size  Location     Type
		None
 Auto vars:     Size  Location     Type
		None
 Return value:  Size  Location     Type
                  1    wreg      void 
 Registers used:
		None
 Tracked objects:
		On entry : 
		On exit  : 
		Unchanged: 
 Data sizes:     COMMON   BANK0   BANK1   BANK2
      Params:         0       0       0       0
      Locals:         0       0       0       0
      Temps:          0       0       0       0
      Totals:         0       0       0       0
Total ram usage:        0 bytes
 Hardware stack levels used:    1
 Hardware stack levels required when called:    1
 This function calls:
		Nothing
 This function is called by:
		_main
 This function uses a non-reentrant model


 *************** function _ClearDisplay *****************
 Defined at:
		line 72 in file "user.c"
 Parameters:    Size  Location     Type
		None
 Auto vars:     Size  Location     Type
  i               2    5[COMMON] int 
 Return value:  Size  Location     Type
                  1    wreg      void 
 Registers used:
		wreg, status,2, btemp+1
 Tracked objects:
		On entry : 
		On exit  : 
		Unchanged: 
 Data sizes:     COMMON   BANK0   BANK1   BANK2
      Params:         0       0       0       0
      Locals:         2       0       0       0
      Temps:          1       0       0       0
      Totals:         3       0       0       0
Total ram usage:        3 bytes
 Hardware stack levels used:    1
 Hardware stack levels required when called:    1
 This function calls:
		Nothing
 This function is called by:
		_main
 This function uses a non-reentrant model


 *************** function _AdvanceRow *****************
 Defined at:
		line 97 in file "user.c"
 Parameters:    Size  Location     Type
		None
 Auto vars:     Size  Location     Type
		None
 Return value:  Size  Location     Type
                  1    wreg      void 
 Registers used:
		wreg, status,2, btemp+1
 Tracked objects:
		On entry : 
		On exit  : 
		Unchanged: 
 Data sizes:     COMMON   BANK0   BANK1   BANK2
      Params:         0       0       0       0
      Locals:         0       0       0       0
      Temps:          0       0       0       0
      Totals:         0       0       0       0
Total ram usage:        0 bytes
 Hardware stack levels used:    1
 Hardware stack levels required when called:    1
 This function calls:
		Nothing
 This function is called by:
		_main
 This function uses a non-reentrant model


 *************** function _AdvanceAnimationFrame *****************
 Defined at:
		line 182 in file "user.c"
 Parameters:    Size  Location     Type
		None
 Auto vars:     Size  Location     Type
  x               2   15[BANK0 ] int 
  k               2   13[BANK0 ] int 
  y               2   17[BANK0 ] int 
 Return value:  Size  Location     Type
                  1    wreg      void 
 Registers used:
		wreg, fsr0l, fsr0h, status,2, status,0, btemp+1, pclath, cstack
 Tracked objects:
		On entry : 
		On exit  : 
		Unchanged: 
 Data sizes:     COMMON   BANK0   BANK1   BANK2
      Params:         0       0       0       0
      Locals:         0       6       0       0
      Temps:          0       9       0       0
      Totals:         0      15       0       0
Total ram usage:       15 bytes
 Hardware stack levels used:    1
 Hardware stack levels required when called:    2
 This function calls:
		___wmul
 This function is called by:
		_main
 This function uses a non-reentrant model


 *************** function ___wmul *****************
 Defined at:
		line 15 in file "C:\Program Files (x86)\Microchip\xc8\v1.44\sources\common\Umul16.c"
 Parameters:    Size  Location     Type
  multiplier      2    0[BANK0 ] unsigned int 
  multiplicand    2    2[BANK0 ] unsigned int 
 Auto vars:     Size  Location     Type
  product         2    4[COMMON] unsigned int 
 Return value:  Size  Location     Type
                  2    0[BANK0 ] unsigned int 
 Registers used:
		wreg, status,2, status,0
 Tracked objects:
		On entry : 
		On exit  : 
		Unchanged: 
 Data sizes:     COMMON   BANK0   BANK1   BANK2
      Params:         0       4       0       0
      Locals:         2       0       0       0
      Temps:          0       0       0       0
      Totals:         2       4       0       0
Total ram usage:        6 bytes
 Hardware stack levels used:    1
 Hardware stack levels required when called:    1
 This function calls:
		Nothing
 This function is called by:
		_AdvanceAnimationFrame
 This function uses a non-reentrant model


 *************** function _isr *****************
 Defined at:
		line 24 in file "interrupts.c"
 Parameters:    Size  Location     Type
		None
 Auto vars:     Size  Location     Type
		None
 Return value:  Size  Location     Type
                  1    wreg      void 
 Registers used:
		None
 Tracked objects:
		On entry : 
		On exit  : 
		Unchanged: 
 Data sizes:     COMMON   BANK0   BANK1   BANK2
      Params:         0       0       0       0
      Locals:         0       0       0       0
      Temps:          4       0       0       0
      Totals:         4       0       0       0
Total ram usage:        4 bytes
 Hardware stack levels used:    1
 This function calls:
		Nothing
 This function is called by:
		Interrupt level 1
 This function uses a non-reentrant model



MODULE INFORMATION

Module		Function		Class		Link	Load	Size
interrupts.c
		_isr           		CODE           	0366	0000	14

interrupts.c estimated size: 14

C:\Program Files (x86)\Microchip\xc8\v1.44\sources\common\Umul16.c
		___wmul        		CODE           	0318	0000	36

C:\Program Files (x86)\Microchip\xc8\v1.44\sources\common\Umul16.c estimated size: 36

shared
		__stringtab    		STRING         	0100	0000	7
		__initialization		CODE           	0013	0000	23
		_frameAnimation		STRING         	0106	0000	129

shared estimated size: 159

user.c
		_AdvanceAnimationFrame		CODE           	002C	0000	155
		_ClearDisplay  		CODE           	02E4	0000	53
		_InitFrameAnimation		CODE           	01FF	0000	112
		_ReadyDisplay  		CODE           	0373	0000	11
		_InitApp       		CODE           	037D	0000	10
		_PopulateColumns		CODE           	0186	0000	122
		_AdvanceRow    		CODE           	033B	0000	28

user.c estimated size: 491

main.c
		_main          		CODE           	026E	0000	67

main.c estimated size: 67

system.c
		_ConfigureOscillator		CODE           	0388	0000	2

system.c estimated size: 2

